[0.274s] DEBUG:colcon:Command line arguments: ['/usr/bin/colcon', 'build', '--packages-select', 'drone_testing']
[0.274s] DEBUG:colcon:Parsed command line arguments: Namespace(log_base=None, log_level=None, verb_name='build', build_base='build', install_base='install', merge_install=False, symlink_install=False, test_result_base=None, continue_on_error=False, executor='parallel', parallel_workers=6, event_handlers=None, ignore_user_meta=False, metas=['./colcon.meta'], base_paths=['.'], packages_ignore=None, packages_ignore_regex=None, paths=None, packages_up_to=None, packages_up_to_regex=None, packages_above=None, packages_above_and_dependencies=None, packages_above_depth=None, packages_select_by_dep=None, packages_skip_by_dep=None, packages_skip_up_to=None, packages_select_build_failed=False, packages_skip_build_finished=False, packages_select_test_failures=False, packages_skip_test_passed=False, packages_select=['drone_testing'], packages_skip=None, packages_select_regex=None, packages_skip_regex=None, packages_start=None, packages_end=None, allow_overriding=[], cmake_args=None, cmake_target=None, cmake_target_skip_unavailable=False, cmake_clean_cache=False, cmake_clean_first=False, cmake_force_configure=False, ament_cmake_args=None, catkin_cmake_args=None, catkin_skip_building_tests=False, mixin_files=None, mixin=None, verb_parser=<colcon_mixin.mixin.mixin_argument.MixinArgumentDecorator object at 0xffff843430b0>, verb_extension=<colcon_core.verb.build.BuildVerb object at 0xffff84342990>, main=<bound method BuildVerb.main of <colcon_core.verb.build.BuildVerb object at 0xffff84342990>>, mixin_verb=('build',))
[0.370s] Level 1:colcon.colcon_core.package_discovery:discover_packages(colcon_meta) check parameters
[0.370s] Level 1:colcon.colcon_core.package_discovery:discover_packages(recursive) check parameters
[0.371s] Level 1:colcon.colcon_core.package_discovery:discover_packages(ignore) check parameters
[0.371s] Level 1:colcon.colcon_core.package_discovery:discover_packages(path) check parameters
[0.371s] Level 1:colcon.colcon_core.package_discovery:discover_packages(colcon_meta) discover
[0.371s] Level 1:colcon.colcon_core.package_discovery:discover_packages(recursive) discover
[0.371s] INFO:colcon.colcon_core.package_discovery:Crawling recursively for packages in '/home/ark-jetson-orin-2/offboard_imav26_test'
[0.371s] Level 1:colcon.colcon_core.package_identification:_identify(.) by extensions ['ignore', 'ignore_ament_install']
[0.372s] Level 1:colcon.colcon_core.package_identification:_identify(.) by extension 'ignore'
[0.372s] Level 1:colcon.colcon_core.package_identification:_identify(.) by extension 'ignore_ament_install'
[0.372s] Level 1:colcon.colcon_core.package_identification:_identify(.) by extensions ['colcon_pkg']
[0.372s] Level 1:colcon.colcon_core.package_identification:_identify(.) by extension 'colcon_pkg'
[0.372s] Level 1:colcon.colcon_core.package_identification:_identify(.) by extensions ['colcon_meta']
[0.372s] Level 1:colcon.colcon_core.package_identification:_identify(.) by extension 'colcon_meta'
[0.372s] Level 1:colcon.colcon_core.package_identification:_identify(.) by extensions ['ros']
[0.372s] Level 1:colcon.colcon_core.package_identification:_identify(.) by extension 'ros'
[0.437s] DEBUG:colcon.colcon_core.package_identification:Package '.' with type 'ros.ament_python' and name 'drone_testing'
[0.437s] Level 1:colcon.colcon_core.package_discovery:discover_packages(recursive) using defaults
[0.438s] Level 1:colcon.colcon_core.package_discovery:discover_packages(ignore) discover
[0.438s] Level 1:colcon.colcon_core.package_discovery:discover_packages(ignore) using defaults
[0.438s] Level 1:colcon.colcon_core.package_discovery:discover_packages(path) discover
[0.438s] Level 1:colcon.colcon_core.package_discovery:discover_packages(path) using defaults
[0.478s] Level 1:colcon.colcon_core.package_discovery:discover_packages(prefix_path) check parameters
[0.478s] Level 1:colcon.colcon_core.package_discovery:discover_packages(prefix_path) discover
[0.485s] DEBUG:colcon.colcon_installed_package_information.package_discovery:Found 17 installed packages in /home/ark-jetson-orin-2/imav26-ws-2/ws_ros2/install
[0.486s] DEBUG:colcon.colcon_installed_package_information.package_discovery:Found 1 installed packages in /home/ark-jetson-orin-2/imav26-ws-2/install
[0.489s] DEBUG:colcon.colcon_installed_package_information.package_discovery:Found 347 installed packages in /opt/ros/jazzy
[0.493s] Level 1:colcon.colcon_core.package_discovery:discover_packages(prefix_path) using defaults
[0.611s] Level 5:colcon.colcon_core.verb:set package 'drone_testing' build argument 'cmake_args' from command line to 'None'
[0.612s] Level 5:colcon.colcon_core.verb:set package 'drone_testing' build argument 'cmake_target' from command line to 'None'
[0.612s] Level 5:colcon.colcon_core.verb:set package 'drone_testing' build argument 'cmake_target_skip_unavailable' from command line to 'False'
[0.612s] Level 5:colcon.colcon_core.verb:set package 'drone_testing' build argument 'cmake_clean_cache' from command line to 'False'
[0.612s] Level 5:colcon.colcon_core.verb:set package 'drone_testing' build argument 'cmake_clean_first' from command line to 'False'
[0.612s] Level 5:colcon.colcon_core.verb:set package 'drone_testing' build argument 'cmake_force_configure' from command line to 'False'
[0.612s] Level 5:colcon.colcon_core.verb:set package 'drone_testing' build argument 'ament_cmake_args' from command line to 'None'
[0.612s] Level 5:colcon.colcon_core.verb:set package 'drone_testing' build argument 'catkin_cmake_args' from command line to 'None'
[0.612s] Level 5:colcon.colcon_core.verb:set package 'drone_testing' build argument 'catkin_skip_building_tests' from command line to 'False'
[0.612s] DEBUG:colcon.colcon_core.verb:Building package 'drone_testing' with the following arguments: {'ament_cmake_args': None, 'build_base': '/home/ark-jetson-orin-2/offboard_imav26_test/build/drone_testing', 'catkin_cmake_args': None, 'catkin_skip_building_tests': False, 'cmake_args': None, 'cmake_clean_cache': False, 'cmake_clean_first': False, 'cmake_force_configure': False, 'cmake_target': None, 'cmake_target_skip_unavailable': False, 'install_base': '/home/ark-jetson-orin-2/offboard_imav26_test/install/drone_testing', 'merge_install': False, 'path': '/home/ark-jetson-orin-2/offboard_imav26_test', 'symlink_install': False, 'test_result_base': None}
[0.613s] INFO:colcon.colcon_core.executor:Executing jobs using 'parallel' executor
[0.615s] DEBUG:colcon.colcon_parallel_executor.executor.parallel:run_until_complete
[0.615s] INFO:colcon.colcon_ros.task.ament_python.build:Building ROS package in '/home/ark-jetson-orin-2/offboard_imav26_test' with build type 'ament_python'
[0.616s] Level 1:colcon.colcon_core.shell:create_environment_hook('drone_testing', 'ament_prefix_path')
[0.620s] INFO:colcon.colcon_core.plugin_system:Skipping extension 'colcon_core.shell.bat': Not used on non-Windows systems
[0.620s] INFO:colcon.colcon_core.shell:Creating environment hook '/home/ark-jetson-orin-2/offboard_imav26_test/install/drone_testing/share/drone_testing/hook/ament_prefix_path.ps1'
[0.622s] INFO:colcon.colcon_core.shell:Creating environment descriptor '/home/ark-jetson-orin-2/offboard_imav26_test/install/drone_testing/share/drone_testing/hook/ament_prefix_path.dsv'
[0.623s] INFO:colcon.colcon_core.shell:Creating environment hook '/home/ark-jetson-orin-2/offboard_imav26_test/install/drone_testing/share/drone_testing/hook/ament_prefix_path.sh'
[0.624s] INFO:colcon.colcon_core.shell:Skip shell extension 'powershell' for command environment: Not usable outside of PowerShell
[0.625s] DEBUG:colcon.colcon_core.shell:Skip shell extension 'dsv' for command environment
[1.247s] INFO:colcon.colcon_core.task.python.build:Building Python package in '/home/ark-jetson-orin-2/offboard_imav26_test'
[1.247s] INFO:colcon.colcon_core.shell:Skip shell extension 'powershell' for command environment: Not usable outside of PowerShell
[1.247s] DEBUG:colcon.colcon_core.shell:Skip shell extension 'dsv' for command environment
[2.615s] DEBUG:colcon.colcon_core.task.python.build:Available setuptools commands: bdist_dumb, compile_catalog, build, build_scripts, alias, dist_info, install_data, editable_wheel, bdist, extract_messages, setopt, build_clib, init_catalog, bdist_rpm, build_py, sdist, symlink_data, easy_install, install, rotate, bdist_egg, egg_info, update_catalog, install_scripts, clean, install_egg_info, develop, check, saveopts, install_headers, install_lib, bdist_wheel, build_ext
[2.622s] DEBUG:colcon.colcon_core.event_handler.log_command:Invoking command in '/home/ark-jetson-orin-2/offboard_imav26_test': DEBUGINFOD_URLS=https://debuginfod.ubuntu.com PYTHONPATH=/home/ark-jetson-orin-2/offboard_imav26_test/build/drone_testing/prefix_override:/usr/lib/python3/dist-packages/colcon_core/task/python/colcon_distutils_commands:/home/ark-jetson-orin-2/offboard_imav26_test/install/drone_testing/lib/python3.12/site-packages:${PYTHONPATH} /usr/bin/python3 -W ignore:setup.py install is deprecated -W ignore:easy_install command is deprecated setup.py egg_info --egg-base build/drone_testing build --build-base /home/ark-jetson-orin-2/offboard_imav26_test/build/drone_testing/build install --record /home/ark-jetson-orin-2/offboard_imav26_test/build/drone_testing/install.log --install-scripts $base/lib/drone_testing --single-version-externally-managed install_data
[4.064s] DEBUG:colcon.colcon_core.event_handler.log_command:Invoked command in '/home/ark-jetson-orin-2/offboard_imav26_test' returned '0': DEBUGINFOD_URLS=https://debuginfod.ubuntu.com PYTHONPATH=/home/ark-jetson-orin-2/offboard_imav26_test/build/drone_testing/prefix_override:/usr/lib/python3/dist-packages/colcon_core/task/python/colcon_distutils_commands:/home/ark-jetson-orin-2/offboard_imav26_test/install/drone_testing/lib/python3.12/site-packages:${PYTHONPATH} /usr/bin/python3 -W ignore:setup.py install is deprecated -W ignore:easy_install command is deprecated setup.py egg_info --egg-base build/drone_testing build --build-base /home/ark-jetson-orin-2/offboard_imav26_test/build/drone_testing/build install --record /home/ark-jetson-orin-2/offboard_imav26_test/build/drone_testing/install.log --install-scripts $base/lib/drone_testing --single-version-externally-managed install_data
[4.072s] Level 1:colcon.colcon_core.environment:checking '/home/ark-jetson-orin-2/offboard_imav26_test/install/drone_testing' for CMake module files
[4.075s] Level 1:colcon.colcon_core.environment:checking '/home/ark-jetson-orin-2/offboard_imav26_test/install/drone_testing' for CMake config files
[4.078s] Level 1:colcon.colcon_core.environment:checking '/home/ark-jetson-orin-2/offboard_imav26_test/install/drone_testing/lib'
[4.078s] Level 1:colcon.colcon_core.environment:checking '/home/ark-jetson-orin-2/offboard_imav26_test/install/drone_testing/bin'
[4.079s] Level 1:colcon.colcon_core.environment:checking '/home/ark-jetson-orin-2/offboard_imav26_test/install/drone_testing/lib/pkgconfig/drone_testing.pc'
[4.080s] Level 1:colcon.colcon_core.environment:checking '/home/ark-jetson-orin-2/offboard_imav26_test/install/drone_testing/lib/python3.12/site-packages'
[4.080s] Level 1:colcon.colcon_core.shell:create_environment_hook('drone_testing', 'pythonpath')
[4.081s] INFO:colcon.colcon_core.shell:Creating environment hook '/home/ark-jetson-orin-2/offboard_imav26_test/install/drone_testing/share/drone_testing/hook/pythonpath.ps1'
[4.083s] INFO:colcon.colcon_core.shell:Creating environment descriptor '/home/ark-jetson-orin-2/offboard_imav26_test/install/drone_testing/share/drone_testing/hook/pythonpath.dsv'
[4.084s] INFO:colcon.colcon_core.shell:Creating environment hook '/home/ark-jetson-orin-2/offboard_imav26_test/install/drone_testing/share/drone_testing/hook/pythonpath.sh'
[4.087s] Level 1:colcon.colcon_core.environment:checking '/home/ark-jetson-orin-2/offboard_imav26_test/install/drone_testing/bin'
[4.087s] Level 1:colcon.colcon_core.environment:create_environment_scripts_only(drone_testing)
[4.088s] INFO:colcon.colcon_core.shell:Creating package script '/home/ark-jetson-orin-2/offboard_imav26_test/install/drone_testing/share/drone_testing/package.ps1'
[4.092s] INFO:colcon.colcon_core.shell:Creating package descriptor '/home/ark-jetson-orin-2/offboard_imav26_test/install/drone_testing/share/drone_testing/package.dsv'
[4.094s] INFO:colcon.colcon_core.shell:Creating package script '/home/ark-jetson-orin-2/offboard_imav26_test/install/drone_testing/share/drone_testing/package.sh'
[4.097s] INFO:colcon.colcon_core.shell:Creating package script '/home/ark-jetson-orin-2/offboard_imav26_test/install/drone_testing/share/drone_testing/package.bash'
[4.100s] INFO:colcon.colcon_core.shell:Creating package script '/home/ark-jetson-orin-2/offboard_imav26_test/install/drone_testing/share/drone_testing/package.zsh'
[4.102s] Level 1:colcon.colcon_core.environment:create_file_with_runtime_dependencies(/home/ark-jetson-orin-2/offboard_imav26_test/install/drone_testing/share/colcon-core/packages/drone_testing)
[4.103s] DEBUG:colcon.colcon_parallel_executor.executor.parallel:closing loop
[4.104s] DEBUG:colcon.colcon_parallel_executor.executor.parallel:loop closed
[4.104s] DEBUG:colcon.colcon_parallel_executor.executor.parallel:run_until_complete finished with '0'
[4.105s] DEBUG:colcon.colcon_core.event_reactor:joining thread
[4.106s] DEBUG:colcon.colcon_core.event_reactor:joined thread
[4.107s] INFO:colcon.colcon_core.shell:Creating prefix script '/home/ark-jetson-orin-2/offboard_imav26_test/install/local_setup.ps1'
[4.109s] INFO:colcon.colcon_core.shell:Creating prefix util module '/home/ark-jetson-orin-2/offboard_imav26_test/install/_local_setup_util_ps1.py'
[4.114s] INFO:colcon.colcon_core.shell:Creating prefix chain script '/home/ark-jetson-orin-2/offboard_imav26_test/install/setup.ps1'
[4.120s] INFO:colcon.colcon_core.shell:Creating prefix script '/home/ark-jetson-orin-2/offboard_imav26_test/install/local_setup.sh'
[4.122s] INFO:colcon.colcon_core.shell:Creating prefix util module '/home/ark-jetson-orin-2/offboard_imav26_test/install/_local_setup_util_sh.py'
[4.124s] INFO:colcon.colcon_core.shell:Creating prefix chain script '/home/ark-jetson-orin-2/offboard_imav26_test/install/setup.sh'
[4.130s] INFO:colcon.colcon_core.shell:Creating prefix script '/home/ark-jetson-orin-2/offboard_imav26_test/install/local_setup.bash'
[4.132s] INFO:colcon.colcon_core.shell:Creating prefix chain script '/home/ark-jetson-orin-2/offboard_imav26_test/install/setup.bash'
[4.137s] INFO:colcon.colcon_core.shell:Creating prefix script '/home/ark-jetson-orin-2/offboard_imav26_test/install/local_setup.zsh'
[4.138s] INFO:colcon.colcon_core.shell:Creating prefix chain script '/home/ark-jetson-orin-2/offboard_imav26_test/install/setup.zsh'
