[0.550s] DEBUG:colcon:Command line arguments: ['/usr/bin/colcon', 'build', '--symlink-install', '--packages-select', 'drone_testing']
[0.550s] DEBUG:colcon:Parsed command line arguments: Namespace(log_base=None, log_level=None, verb_name='build', build_base='build', install_base='install', merge_install=False, symlink_install=True, test_result_base=None, continue_on_error=False, executor='parallel', parallel_workers=6, event_handlers=None, ignore_user_meta=False, metas=['./colcon.meta'], base_paths=['.'], packages_ignore=None, packages_ignore_regex=None, paths=None, packages_up_to=None, packages_up_to_regex=None, packages_above=None, packages_above_and_dependencies=None, packages_above_depth=None, packages_select_by_dep=None, packages_skip_by_dep=None, packages_skip_up_to=None, packages_select_build_failed=False, packages_skip_build_finished=False, packages_select_test_failures=False, packages_skip_test_passed=False, packages_select=['drone_testing'], packages_skip=None, packages_select_regex=None, packages_skip_regex=None, packages_start=None, packages_end=None, allow_overriding=[], cmake_args=None, cmake_target=None, cmake_target_skip_unavailable=False, cmake_clean_cache=False, cmake_clean_first=False, cmake_force_configure=False, ament_cmake_args=None, catkin_cmake_args=None, catkin_skip_building_tests=False, mixin_files=None, mixin=None, verb_parser=<colcon_mixin.mixin.mixin_argument.MixinArgumentDecorator object at 0xffff9ddc6b10>, verb_extension=<colcon_core.verb.build.BuildVerb object at 0xffff9ddc6900>, main=<bound method BuildVerb.main of <colcon_core.verb.build.BuildVerb object at 0xffff9ddc6900>>, mixin_verb=('build',))
[0.731s] Level 1:colcon.colcon_core.package_discovery:discover_packages(colcon_meta) check parameters
[0.732s] Level 1:colcon.colcon_core.package_discovery:discover_packages(recursive) check parameters
[0.732s] Level 1:colcon.colcon_core.package_discovery:discover_packages(ignore) check parameters
[0.732s] Level 1:colcon.colcon_core.package_discovery:discover_packages(path) check parameters
[0.732s] Level 1:colcon.colcon_core.package_discovery:discover_packages(colcon_meta) discover
[0.733s] Level 1:colcon.colcon_core.package_discovery:discover_packages(recursive) discover
[0.733s] INFO:colcon.colcon_core.package_discovery:Crawling recursively for packages in '/home/ark-jetson-orin-2/offboard_imav26_test'
[0.733s] Level 1:colcon.colcon_core.package_identification:_identify(.) by extensions ['ignore', 'ignore_ament_install']
[0.734s] Level 1:colcon.colcon_core.package_identification:_identify(.) by extension 'ignore'
[0.734s] Level 1:colcon.colcon_core.package_identification:_identify(.) by extension 'ignore_ament_install'
[0.734s] Level 1:colcon.colcon_core.package_identification:_identify(.) by extensions ['colcon_pkg']
[0.734s] Level 1:colcon.colcon_core.package_identification:_identify(.) by extension 'colcon_pkg'
[0.734s] Level 1:colcon.colcon_core.package_identification:_identify(.) by extensions ['colcon_meta']
[0.734s] Level 1:colcon.colcon_core.package_identification:_identify(.) by extension 'colcon_meta'
[0.735s] Level 1:colcon.colcon_core.package_identification:_identify(.) by extensions ['ros']
[0.735s] Level 1:colcon.colcon_core.package_identification:_identify(.) by extension 'ros'
[0.817s] DEBUG:colcon.colcon_core.package_identification:Package '.' with type 'ros.ament_python' and name 'drone_testing'
[0.818s] Level 1:colcon.colcon_core.package_discovery:discover_packages(recursive) using defaults
[0.818s] Level 1:colcon.colcon_core.package_discovery:discover_packages(ignore) discover
[0.818s] Level 1:colcon.colcon_core.package_discovery:discover_packages(ignore) using defaults
[0.818s] Level 1:colcon.colcon_core.package_discovery:discover_packages(path) discover
[0.818s] Level 1:colcon.colcon_core.package_discovery:discover_packages(path) using defaults
[0.875s] Level 1:colcon.colcon_core.package_discovery:discover_packages(prefix_path) check parameters
[0.876s] Level 1:colcon.colcon_core.package_discovery:discover_packages(prefix_path) discover
[0.879s] WARNING:colcon.colcon_core.prefix_path.colcon:The path '/home/ark-jetson-orin-2/uros_ws/install' in the environment variable COLCON_PREFIX_PATH doesn't exist
[0.882s] WARNING:colcon.colcon_ros.prefix_path.ament:The path '/home/ark-jetson-orin-2/imav26-ws-2/ws_ros2/install/px4_msgs' in the environment variable AMENT_PREFIX_PATH doesn't exist
[0.884s] WARNING:colcon.colcon_ros.prefix_path.ament:The path '/home/ark-jetson-orin-2/uros_ws/install/micro_ros_setup' in the environment variable AMENT_PREFIX_PATH doesn't exist
[0.884s] WARNING:colcon.colcon_ros.prefix_path.ament:The path '/home/ark-jetson-orin-2/uros_ws/install/micro_ros_agent' in the environment variable AMENT_PREFIX_PATH doesn't exist
[0.884s] WARNING:colcon.colcon_ros.prefix_path.ament:The path '/home/ark-jetson-orin-2/uros_ws/install/micro_ros_msgs' in the environment variable AMENT_PREFIX_PATH doesn't exist
[0.885s] WARNING:colcon.colcon_ros.prefix_path.catkin:The path '/home/ark-jetson-orin-2/imav26-ws-2/ws_ros2/install/px4_msgs' in the environment variable CMAKE_PREFIX_PATH doesn't exist
[0.885s] WARNING:colcon.colcon_ros.prefix_path.catkin:The path '/home/ark-jetson-orin-2/uros_ws/install/micro_ros_setup' in the environment variable CMAKE_PREFIX_PATH doesn't exist
[0.885s] WARNING:colcon.colcon_ros.prefix_path.catkin:The path '/home/ark-jetson-orin-2/uros_ws/install/micro_ros_agent' in the environment variable CMAKE_PREFIX_PATH doesn't exist
[0.885s] WARNING:colcon.colcon_ros.prefix_path.catkin:The path '/home/ark-jetson-orin-2/uros_ws/install/micro_ros_msgs' in the environment variable CMAKE_PREFIX_PATH doesn't exist
[0.889s] DEBUG:colcon.colcon_installed_package_information.package_discovery:Found 1 installed packages in /home/ark-jetson-orin-2/imav26-ws-2/install
[0.899s] DEBUG:colcon.colcon_installed_package_information.package_discovery:Found 13 installed packages in /home/ark-jetson-orin-2/imav26-ws-2/ws_ros2/install
[0.904s] DEBUG:colcon.colcon_installed_package_information.package_discovery:Found 347 installed packages in /opt/ros/jazzy
[0.908s] Level 1:colcon.colcon_core.package_discovery:discover_packages(prefix_path) using defaults
[1.061s] Level 5:colcon.colcon_core.verb:set package 'drone_testing' build argument 'cmake_args' from command line to 'None'
[1.061s] Level 5:colcon.colcon_core.verb:set package 'drone_testing' build argument 'cmake_target' from command line to 'None'
[1.061s] Level 5:colcon.colcon_core.verb:set package 'drone_testing' build argument 'cmake_target_skip_unavailable' from command line to 'False'
[1.061s] Level 5:colcon.colcon_core.verb:set package 'drone_testing' build argument 'cmake_clean_cache' from command line to 'False'
[1.061s] Level 5:colcon.colcon_core.verb:set package 'drone_testing' build argument 'cmake_clean_first' from command line to 'False'
[1.062s] Level 5:colcon.colcon_core.verb:set package 'drone_testing' build argument 'cmake_force_configure' from command line to 'False'
[1.062s] Level 5:colcon.colcon_core.verb:set package 'drone_testing' build argument 'ament_cmake_args' from command line to 'None'
[1.062s] Level 5:colcon.colcon_core.verb:set package 'drone_testing' build argument 'catkin_cmake_args' from command line to 'None'
[1.062s] Level 5:colcon.colcon_core.verb:set package 'drone_testing' build argument 'catkin_skip_building_tests' from command line to 'False'
[1.063s] DEBUG:colcon.colcon_core.verb:Building package 'drone_testing' with the following arguments: {'ament_cmake_args': None, 'build_base': '/home/ark-jetson-orin-2/offboard_imav26_test/build/drone_testing', 'catkin_cmake_args': None, 'catkin_skip_building_tests': False, 'cmake_args': None, 'cmake_clean_cache': False, 'cmake_clean_first': False, 'cmake_force_configure': False, 'cmake_target': None, 'cmake_target_skip_unavailable': False, 'install_base': '/home/ark-jetson-orin-2/offboard_imav26_test/install/drone_testing', 'merge_install': False, 'path': '/home/ark-jetson-orin-2/offboard_imav26_test', 'symlink_install': True, 'test_result_base': None}
[1.063s] INFO:colcon.colcon_core.executor:Executing jobs using 'parallel' executor
[1.065s] DEBUG:colcon.colcon_parallel_executor.executor.parallel:run_until_complete
[1.066s] INFO:colcon.colcon_ros.task.ament_python.build:Building ROS package in '/home/ark-jetson-orin-2/offboard_imav26_test' with build type 'ament_python'
[1.066s] Level 1:colcon.colcon_core.shell:create_environment_hook('drone_testing', 'ament_prefix_path')
[1.075s] INFO:colcon.colcon_core.plugin_system:Skipping extension 'colcon_core.shell.bat': Not used on non-Windows systems
[1.076s] INFO:colcon.colcon_core.shell:Creating environment hook '/home/ark-jetson-orin-2/offboard_imav26_test/install/drone_testing/share/drone_testing/hook/ament_prefix_path.ps1'
[1.080s] INFO:colcon.colcon_core.shell:Creating environment descriptor '/home/ark-jetson-orin-2/offboard_imav26_test/install/drone_testing/share/drone_testing/hook/ament_prefix_path.dsv'
[1.082s] INFO:colcon.colcon_core.shell:Creating environment hook '/home/ark-jetson-orin-2/offboard_imav26_test/install/drone_testing/share/drone_testing/hook/ament_prefix_path.sh'
[1.084s] INFO:colcon.colcon_core.shell:Skip shell extension 'powershell' for command environment: Not usable outside of PowerShell
[1.084s] DEBUG:colcon.colcon_core.shell:Skip shell extension 'dsv' for command environment
[1.825s] INFO:colcon.colcon_core.task.python.build:Building Python package in '/home/ark-jetson-orin-2/offboard_imav26_test'
[1.826s] INFO:colcon.colcon_core.shell:Skip shell extension 'powershell' for command environment: Not usable outside of PowerShell
[1.826s] DEBUG:colcon.colcon_core.shell:Skip shell extension 'dsv' for command environment
[3.548s] DEBUG:colcon.colcon_core.task.python.build:Available setuptools commands: bdist_rpm, install_headers, extract_messages, build_scripts, setopt, check, develop, install_egg_info, install_lib, rotate, compile_catalog, install_scripts, easy_install, saveopts, install, build_py, build_ext, bdist_dumb, install_data, clean, bdist_wheel, bdist, sdist, bdist_egg, alias, egg_info, update_catalog, dist_info, editable_wheel, build, init_catalog, build_clib, symlink_data
[4.314s] DEBUG:colcon.colcon_core.task.python.build:Available setuptools 'develop' options: --verbose, --user, --install-dir, --quiet, --prefix, --no-user-cfg, --index-url, --no-deps, --help
[4.316s] INFO:colcon.colcon_core.task.python.build:No '--editable' capability in setuptools, falling back to full install
[4.325s] DEBUG:colcon.colcon_core.event_handler.log_command:Invoking command in '/home/ark-jetson-orin-2/offboard_imav26_test': DEBUGINFOD_URLS=https://debuginfod.ubuntu.com PYTHONPATH=/home/ark-jetson-orin-2/offboard_imav26_test/build/drone_testing/prefix_override:/usr/lib/python3/dist-packages/colcon_core/task/python/colcon_distutils_commands:/home/ark-jetson-orin-2/offboard_imav26_test/install/drone_testing/lib/python3.12/site-packages:${PYTHONPATH} /usr/bin/python3 -W ignore:setup.py install is deprecated -W ignore:easy_install command is deprecated setup.py egg_info --egg-base build/drone_testing build --build-base /home/ark-jetson-orin-2/offboard_imav26_test/build/drone_testing/build install --record /home/ark-jetson-orin-2/offboard_imav26_test/build/drone_testing/install.log --install-scripts $base/lib/drone_testing --single-version-externally-managed install_data
[5.897s] DEBUG:colcon.colcon_core.event_handler.log_command:Invoked command in '/home/ark-jetson-orin-2/offboard_imav26_test' returned '0': DEBUGINFOD_URLS=https://debuginfod.ubuntu.com PYTHONPATH=/home/ark-jetson-orin-2/offboard_imav26_test/build/drone_testing/prefix_override:/usr/lib/python3/dist-packages/colcon_core/task/python/colcon_distutils_commands:/home/ark-jetson-orin-2/offboard_imav26_test/install/drone_testing/lib/python3.12/site-packages:${PYTHONPATH} /usr/bin/python3 -W ignore:setup.py install is deprecated -W ignore:easy_install command is deprecated setup.py egg_info --egg-base build/drone_testing build --build-base /home/ark-jetson-orin-2/offboard_imav26_test/build/drone_testing/build install --record /home/ark-jetson-orin-2/offboard_imav26_test/build/drone_testing/install.log --install-scripts $base/lib/drone_testing --single-version-externally-managed install_data
[5.908s] Level 1:colcon.colcon_core.environment:checking '/home/ark-jetson-orin-2/offboard_imav26_test/install/drone_testing' for CMake module files
[5.910s] Level 1:colcon.colcon_core.environment:checking '/home/ark-jetson-orin-2/offboard_imav26_test/install/drone_testing' for CMake config files
[5.912s] Level 1:colcon.colcon_core.environment:checking '/home/ark-jetson-orin-2/offboard_imav26_test/install/drone_testing/lib'
[5.913s] Level 1:colcon.colcon_core.environment:checking '/home/ark-jetson-orin-2/offboard_imav26_test/install/drone_testing/bin'
[5.913s] Level 1:colcon.colcon_core.environment:checking '/home/ark-jetson-orin-2/offboard_imav26_test/install/drone_testing/lib/pkgconfig/drone_testing.pc'
[5.913s] Level 1:colcon.colcon_core.environment:checking '/home/ark-jetson-orin-2/offboard_imav26_test/install/drone_testing/lib/python3.12/site-packages'
[5.914s] Level 1:colcon.colcon_core.shell:create_environment_hook('drone_testing', 'pythonpath')
[5.914s] INFO:colcon.colcon_core.shell:Creating environment hook '/home/ark-jetson-orin-2/offboard_imav26_test/install/drone_testing/share/drone_testing/hook/pythonpath.ps1'
[5.917s] INFO:colcon.colcon_core.shell:Creating environment descriptor '/home/ark-jetson-orin-2/offboard_imav26_test/install/drone_testing/share/drone_testing/hook/pythonpath.dsv'
[5.918s] INFO:colcon.colcon_core.shell:Creating environment hook '/home/ark-jetson-orin-2/offboard_imav26_test/install/drone_testing/share/drone_testing/hook/pythonpath.sh'
[5.920s] Level 1:colcon.colcon_core.environment:checking '/home/ark-jetson-orin-2/offboard_imav26_test/install/drone_testing/bin'
[5.920s] Level 1:colcon.colcon_core.environment:create_environment_scripts_only(drone_testing)
[5.921s] INFO:colcon.colcon_core.shell:Creating package script '/home/ark-jetson-orin-2/offboard_imav26_test/install/drone_testing/share/drone_testing/package.ps1'
[5.924s] INFO:colcon.colcon_core.shell:Creating package descriptor '/home/ark-jetson-orin-2/offboard_imav26_test/install/drone_testing/share/drone_testing/package.dsv'
[5.926s] INFO:colcon.colcon_core.shell:Creating package script '/home/ark-jetson-orin-2/offboard_imav26_test/install/drone_testing/share/drone_testing/package.sh'
[5.928s] INFO:colcon.colcon_core.shell:Creating package script '/home/ark-jetson-orin-2/offboard_imav26_test/install/drone_testing/share/drone_testing/package.bash'
[5.930s] INFO:colcon.colcon_core.shell:Creating package script '/home/ark-jetson-orin-2/offboard_imav26_test/install/drone_testing/share/drone_testing/package.zsh'
[5.932s] Level 1:colcon.colcon_core.environment:create_file_with_runtime_dependencies(/home/ark-jetson-orin-2/offboard_imav26_test/install/drone_testing/share/colcon-core/packages/drone_testing)
[5.933s] DEBUG:colcon.colcon_parallel_executor.executor.parallel:closing loop
[5.934s] DEBUG:colcon.colcon_parallel_executor.executor.parallel:loop closed
[5.934s] DEBUG:colcon.colcon_parallel_executor.executor.parallel:run_until_complete finished with '0'
[5.934s] DEBUG:colcon.colcon_core.event_reactor:joining thread
[5.936s] DEBUG:colcon.colcon_core.event_reactor:joined thread
[5.936s] INFO:colcon.colcon_core.shell:Creating prefix script '/home/ark-jetson-orin-2/offboard_imav26_test/install/local_setup.ps1'
[5.939s] INFO:colcon.colcon_core.shell:Creating prefix util module '/home/ark-jetson-orin-2/offboard_imav26_test/install/_local_setup_util_ps1.py'
[5.942s] INFO:colcon.colcon_core.shell:Creating prefix chain script '/home/ark-jetson-orin-2/offboard_imav26_test/install/setup.ps1'
[5.958s] INFO:colcon.colcon_core.shell:Creating prefix script '/home/ark-jetson-orin-2/offboard_imav26_test/install/local_setup.sh'
[5.962s] INFO:colcon.colcon_core.shell:Creating prefix util module '/home/ark-jetson-orin-2/offboard_imav26_test/install/_local_setup_util_sh.py'
[5.964s] INFO:colcon.colcon_core.shell:Creating prefix chain script '/home/ark-jetson-orin-2/offboard_imav26_test/install/setup.sh'
[5.969s] INFO:colcon.colcon_core.shell:Creating prefix script '/home/ark-jetson-orin-2/offboard_imav26_test/install/local_setup.bash'
[5.971s] INFO:colcon.colcon_core.shell:Creating prefix chain script '/home/ark-jetson-orin-2/offboard_imav26_test/install/setup.bash'
[5.976s] INFO:colcon.colcon_core.shell:Creating prefix script '/home/ark-jetson-orin-2/offboard_imav26_test/install/local_setup.zsh'
[5.979s] INFO:colcon.colcon_core.shell:Creating prefix chain script '/home/ark-jetson-orin-2/offboard_imav26_test/install/setup.zsh'
