[0.421s] DEBUG:colcon:Command line arguments: ['/usr/bin/colcon', 'build', '--symlink-install', '--packages-select', 'drone_testing']
[0.421s] DEBUG:colcon:Parsed command line arguments: Namespace(log_base=None, log_level=None, verb_name='build', build_base='build', install_base='install', merge_install=False, symlink_install=True, test_result_base=None, continue_on_error=False, executor='parallel', parallel_workers=6, event_handlers=None, ignore_user_meta=False, metas=['./colcon.meta'], base_paths=['.'], packages_ignore=None, packages_ignore_regex=None, paths=None, packages_up_to=None, packages_up_to_regex=None, packages_above=None, packages_above_and_dependencies=None, packages_above_depth=None, packages_select_by_dep=None, packages_skip_by_dep=None, packages_skip_up_to=None, packages_select_build_failed=False, packages_skip_build_finished=False, packages_select_test_failures=False, packages_skip_test_passed=False, packages_select=['drone_testing'], packages_skip=None, packages_select_regex=None, packages_skip_regex=None, packages_start=None, packages_end=None, allow_overriding=[], cmake_args=None, cmake_target=None, cmake_target_skip_unavailable=False, cmake_clean_cache=False, cmake_clean_first=False, cmake_force_configure=False, ament_cmake_args=None, catkin_cmake_args=None, catkin_skip_building_tests=False, mixin_files=None, mixin=None, verb_parser=<colcon_mixin.mixin.mixin_argument.MixinArgumentDecorator object at 0xffff9e8a2f60>, verb_extension=<colcon_core.verb.build.BuildVerb object at 0xffff9e8a2cc0>, main=<bound method BuildVerb.main of <colcon_core.verb.build.BuildVerb object at 0xffff9e8a2cc0>>, mixin_verb=('build',))
[0.563s] Level 1:colcon.colcon_core.package_discovery:discover_packages(colcon_meta) check parameters
[0.563s] Level 1:colcon.colcon_core.package_discovery:discover_packages(recursive) check parameters
[0.563s] Level 1:colcon.colcon_core.package_discovery:discover_packages(ignore) check parameters
[0.563s] Level 1:colcon.colcon_core.package_discovery:discover_packages(path) check parameters
[0.563s] Level 1:colcon.colcon_core.package_discovery:discover_packages(colcon_meta) discover
[0.564s] Level 1:colcon.colcon_core.package_discovery:discover_packages(recursive) discover
[0.564s] INFO:colcon.colcon_core.package_discovery:Crawling recursively for packages in '/home/ark-jetson-orin-2/offboard_imav26_test'
[0.564s] Level 1:colcon.colcon_core.package_identification:_identify(.) by extensions ['ignore', 'ignore_ament_install']
[0.564s] Level 1:colcon.colcon_core.package_identification:_identify(.) by extension 'ignore'
[0.564s] Level 1:colcon.colcon_core.package_identification:_identify(.) by extension 'ignore_ament_install'
[0.565s] Level 1:colcon.colcon_core.package_identification:_identify(.) by extensions ['colcon_pkg']
[0.565s] Level 1:colcon.colcon_core.package_identification:_identify(.) by extension 'colcon_pkg'
[0.565s] Level 1:colcon.colcon_core.package_identification:_identify(.) by extensions ['colcon_meta']
[0.565s] Level 1:colcon.colcon_core.package_identification:_identify(.) by extension 'colcon_meta'
[0.565s] Level 1:colcon.colcon_core.package_identification:_identify(.) by extensions ['ros']
[0.565s] Level 1:colcon.colcon_core.package_identification:_identify(.) by extension 'ros'
[0.643s] DEBUG:colcon.colcon_core.package_identification:Package '.' with type 'ros.ament_python' and name 'drone_testing'
[0.643s] Level 1:colcon.colcon_core.package_discovery:discover_packages(recursive) using defaults
[0.643s] Level 1:colcon.colcon_core.package_discovery:discover_packages(ignore) discover
[0.644s] Level 1:colcon.colcon_core.package_discovery:discover_packages(ignore) using defaults
[0.644s] Level 1:colcon.colcon_core.package_discovery:discover_packages(path) discover
[0.644s] Level 1:colcon.colcon_core.package_discovery:discover_packages(path) using defaults
[0.700s] Level 1:colcon.colcon_core.package_discovery:discover_packages(prefix_path) check parameters
[0.700s] Level 1:colcon.colcon_core.package_discovery:discover_packages(prefix_path) discover
[0.703s] WARNING:colcon.colcon_core.prefix_path.colcon:The path '/home/ark-jetson-orin-2/uros_ws/install' in the environment variable COLCON_PREFIX_PATH doesn't exist
[0.706s] WARNING:colcon.colcon_ros.prefix_path.ament:The path '/home/ark-jetson-orin-2/imav26-ws-2/ws_ros2/install/px4_msgs' in the environment variable AMENT_PREFIX_PATH doesn't exist
[0.707s] WARNING:colcon.colcon_ros.prefix_path.ament:The path '/home/ark-jetson-orin-2/uros_ws/install/micro_ros_setup' in the environment variable AMENT_PREFIX_PATH doesn't exist
[0.707s] WARNING:colcon.colcon_ros.prefix_path.ament:The path '/home/ark-jetson-orin-2/uros_ws/install/micro_ros_agent' in the environment variable AMENT_PREFIX_PATH doesn't exist
[0.707s] WARNING:colcon.colcon_ros.prefix_path.ament:The path '/home/ark-jetson-orin-2/uros_ws/install/micro_ros_msgs' in the environment variable AMENT_PREFIX_PATH doesn't exist
[0.708s] WARNING:colcon.colcon_ros.prefix_path.catkin:The path '/home/ark-jetson-orin-2/imav26-ws-2/ws_ros2/install/px4_msgs' in the environment variable CMAKE_PREFIX_PATH doesn't exist
[0.708s] WARNING:colcon.colcon_ros.prefix_path.catkin:The path '/home/ark-jetson-orin-2/uros_ws/install/micro_ros_setup' in the environment variable CMAKE_PREFIX_PATH doesn't exist
[0.708s] WARNING:colcon.colcon_ros.prefix_path.catkin:The path '/home/ark-jetson-orin-2/uros_ws/install/micro_ros_agent' in the environment variable CMAKE_PREFIX_PATH doesn't exist
[0.708s] WARNING:colcon.colcon_ros.prefix_path.catkin:The path '/home/ark-jetson-orin-2/uros_ws/install/micro_ros_msgs' in the environment variable CMAKE_PREFIX_PATH doesn't exist
[0.712s] DEBUG:colcon.colcon_installed_package_information.package_discovery:Found 1 installed packages in /home/ark-jetson-orin-2/imav26-ws-2/install
[0.719s] DEBUG:colcon.colcon_installed_package_information.package_discovery:Found 13 installed packages in /home/ark-jetson-orin-2/imav26-ws-2/ws_ros2/install
[0.723s] DEBUG:colcon.colcon_installed_package_information.package_discovery:Found 347 installed packages in /opt/ros/jazzy
[0.727s] Level 1:colcon.colcon_core.package_discovery:discover_packages(prefix_path) using defaults
[0.855s] Level 5:colcon.colcon_core.verb:set package 'drone_testing' build argument 'cmake_args' from command line to 'None'
[0.855s] Level 5:colcon.colcon_core.verb:set package 'drone_testing' build argument 'cmake_target' from command line to 'None'
[0.855s] Level 5:colcon.colcon_core.verb:set package 'drone_testing' build argument 'cmake_target_skip_unavailable' from command line to 'False'
[0.855s] Level 5:colcon.colcon_core.verb:set package 'drone_testing' build argument 'cmake_clean_cache' from command line to 'False'
[0.856s] Level 5:colcon.colcon_core.verb:set package 'drone_testing' build argument 'cmake_clean_first' from command line to 'False'
[0.856s] Level 5:colcon.colcon_core.verb:set package 'drone_testing' build argument 'cmake_force_configure' from command line to 'False'
[0.856s] Level 5:colcon.colcon_core.verb:set package 'drone_testing' build argument 'ament_cmake_args' from command line to 'None'
[0.856s] Level 5:colcon.colcon_core.verb:set package 'drone_testing' build argument 'catkin_cmake_args' from command line to 'None'
[0.856s] Level 5:colcon.colcon_core.verb:set package 'drone_testing' build argument 'catkin_skip_building_tests' from command line to 'False'
[0.856s] DEBUG:colcon.colcon_core.verb:Building package 'drone_testing' with the following arguments: {'ament_cmake_args': None, 'build_base': '/home/ark-jetson-orin-2/offboard_imav26_test/build/drone_testing', 'catkin_cmake_args': None, 'catkin_skip_building_tests': False, 'cmake_args': None, 'cmake_clean_cache': False, 'cmake_clean_first': False, 'cmake_force_configure': False, 'cmake_target': None, 'cmake_target_skip_unavailable': False, 'install_base': '/home/ark-jetson-orin-2/offboard_imav26_test/install/drone_testing', 'merge_install': False, 'path': '/home/ark-jetson-orin-2/offboard_imav26_test', 'symlink_install': True, 'test_result_base': None}
[0.856s] INFO:colcon.colcon_core.executor:Executing jobs using 'parallel' executor
[0.858s] DEBUG:colcon.colcon_parallel_executor.executor.parallel:run_until_complete
[0.859s] INFO:colcon.colcon_ros.task.ament_python.build:Building ROS package in '/home/ark-jetson-orin-2/offboard_imav26_test' with build type 'ament_python'
[0.859s] Level 1:colcon.colcon_core.shell:create_environment_hook('drone_testing', 'ament_prefix_path')
[0.868s] INFO:colcon.colcon_core.plugin_system:Skipping extension 'colcon_core.shell.bat': Not used on non-Windows systems
[0.868s] INFO:colcon.colcon_core.shell:Creating environment hook '/home/ark-jetson-orin-2/offboard_imav26_test/install/drone_testing/share/drone_testing/hook/ament_prefix_path.ps1'
[0.870s] INFO:colcon.colcon_core.shell:Creating environment descriptor '/home/ark-jetson-orin-2/offboard_imav26_test/install/drone_testing/share/drone_testing/hook/ament_prefix_path.dsv'
[0.871s] INFO:colcon.colcon_core.shell:Creating environment hook '/home/ark-jetson-orin-2/offboard_imav26_test/install/drone_testing/share/drone_testing/hook/ament_prefix_path.sh'
[0.873s] INFO:colcon.colcon_core.shell:Skip shell extension 'powershell' for command environment: Not usable outside of PowerShell
[0.873s] DEBUG:colcon.colcon_core.shell:Skip shell extension 'dsv' for command environment
[1.536s] INFO:colcon.colcon_core.task.python.build:Building Python package in '/home/ark-jetson-orin-2/offboard_imav26_test'
[1.537s] INFO:colcon.colcon_core.shell:Skip shell extension 'powershell' for command environment: Not usable outside of PowerShell
[1.537s] DEBUG:colcon.colcon_core.shell:Skip shell extension 'dsv' for command environment
[3.122s] DEBUG:colcon.colcon_core.task.python.build:Available setuptools commands: build_scripts, install_lib, init_catalog, compile_catalog, editable_wheel, install, update_catalog, install_data, install_headers, bdist_wheel, bdist, setopt, build_clib, check, install_scripts, clean, bdist_rpm, build_py, alias, bdist_dumb, build, bdist_egg, extract_messages, egg_info, rotate, symlink_data, build_ext, easy_install, dist_info, saveopts, sdist, install_egg_info, develop
[3.806s] DEBUG:colcon.colcon_core.task.python.build:Available setuptools 'develop' options: --prefix, --help, --index-url, --quiet, --no-user-cfg, --no-deps, --install-dir, --verbose, --user
[3.807s] INFO:colcon.colcon_core.task.python.build:No '--editable' capability in setuptools, falling back to full install
[3.813s] DEBUG:colcon.colcon_core.event_handler.log_command:Invoking command in '/home/ark-jetson-orin-2/offboard_imav26_test': DEBUGINFOD_URLS=https://debuginfod.ubuntu.com PYTHONPATH=/home/ark-jetson-orin-2/offboard_imav26_test/build/drone_testing/prefix_override:/usr/lib/python3/dist-packages/colcon_core/task/python/colcon_distutils_commands:/home/ark-jetson-orin-2/offboard_imav26_test/install/drone_testing/lib/python3.12/site-packages:${PYTHONPATH} /usr/bin/python3 -W ignore:setup.py install is deprecated -W ignore:easy_install command is deprecated setup.py egg_info --egg-base build/drone_testing build --build-base /home/ark-jetson-orin-2/offboard_imav26_test/build/drone_testing/build install --record /home/ark-jetson-orin-2/offboard_imav26_test/build/drone_testing/install.log --install-scripts $base/lib/drone_testing --single-version-externally-managed install_data
[5.200s] DEBUG:colcon.colcon_core.event_handler.log_command:Invoked command in '/home/ark-jetson-orin-2/offboard_imav26_test' returned '0': DEBUGINFOD_URLS=https://debuginfod.ubuntu.com PYTHONPATH=/home/ark-jetson-orin-2/offboard_imav26_test/build/drone_testing/prefix_override:/usr/lib/python3/dist-packages/colcon_core/task/python/colcon_distutils_commands:/home/ark-jetson-orin-2/offboard_imav26_test/install/drone_testing/lib/python3.12/site-packages:${PYTHONPATH} /usr/bin/python3 -W ignore:setup.py install is deprecated -W ignore:easy_install command is deprecated setup.py egg_info --egg-base build/drone_testing build --build-base /home/ark-jetson-orin-2/offboard_imav26_test/build/drone_testing/build install --record /home/ark-jetson-orin-2/offboard_imav26_test/build/drone_testing/install.log --install-scripts $base/lib/drone_testing --single-version-externally-managed install_data
[5.210s] Level 1:colcon.colcon_core.environment:checking '/home/ark-jetson-orin-2/offboard_imav26_test/install/drone_testing' for CMake module files
[5.214s] Level 1:colcon.colcon_core.environment:checking '/home/ark-jetson-orin-2/offboard_imav26_test/install/drone_testing' for CMake config files
[5.216s] Level 1:colcon.colcon_core.environment:checking '/home/ark-jetson-orin-2/offboard_imav26_test/install/drone_testing/lib'
[5.216s] Level 1:colcon.colcon_core.environment:checking '/home/ark-jetson-orin-2/offboard_imav26_test/install/drone_testing/bin'
[5.217s] Level 1:colcon.colcon_core.environment:checking '/home/ark-jetson-orin-2/offboard_imav26_test/install/drone_testing/lib/pkgconfig/drone_testing.pc'
[5.217s] Level 1:colcon.colcon_core.environment:checking '/home/ark-jetson-orin-2/offboard_imav26_test/install/drone_testing/lib/python3.12/site-packages'
[5.217s] Level 1:colcon.colcon_core.shell:create_environment_hook('drone_testing', 'pythonpath')
[5.218s] INFO:colcon.colcon_core.shell:Creating environment hook '/home/ark-jetson-orin-2/offboard_imav26_test/install/drone_testing/share/drone_testing/hook/pythonpath.ps1'
[5.220s] INFO:colcon.colcon_core.shell:Creating environment descriptor '/home/ark-jetson-orin-2/offboard_imav26_test/install/drone_testing/share/drone_testing/hook/pythonpath.dsv'
[5.221s] INFO:colcon.colcon_core.shell:Creating environment hook '/home/ark-jetson-orin-2/offboard_imav26_test/install/drone_testing/share/drone_testing/hook/pythonpath.sh'
[5.222s] Level 1:colcon.colcon_core.environment:checking '/home/ark-jetson-orin-2/offboard_imav26_test/install/drone_testing/bin'
[5.223s] Level 1:colcon.colcon_core.environment:create_environment_scripts_only(drone_testing)
[5.223s] INFO:colcon.colcon_core.shell:Creating package script '/home/ark-jetson-orin-2/offboard_imav26_test/install/drone_testing/share/drone_testing/package.ps1'
[5.226s] INFO:colcon.colcon_core.shell:Creating package descriptor '/home/ark-jetson-orin-2/offboard_imav26_test/install/drone_testing/share/drone_testing/package.dsv'
[5.227s] INFO:colcon.colcon_core.shell:Creating package script '/home/ark-jetson-orin-2/offboard_imav26_test/install/drone_testing/share/drone_testing/package.sh'
[5.229s] INFO:colcon.colcon_core.shell:Creating package script '/home/ark-jetson-orin-2/offboard_imav26_test/install/drone_testing/share/drone_testing/package.bash'
[5.231s] INFO:colcon.colcon_core.shell:Creating package script '/home/ark-jetson-orin-2/offboard_imav26_test/install/drone_testing/share/drone_testing/package.zsh'
[5.233s] Level 1:colcon.colcon_core.environment:create_file_with_runtime_dependencies(/home/ark-jetson-orin-2/offboard_imav26_test/install/drone_testing/share/colcon-core/packages/drone_testing)
[5.234s] DEBUG:colcon.colcon_parallel_executor.executor.parallel:closing loop
[5.235s] DEBUG:colcon.colcon_parallel_executor.executor.parallel:loop closed
[5.236s] DEBUG:colcon.colcon_parallel_executor.executor.parallel:run_until_complete finished with '0'
[5.236s] DEBUG:colcon.colcon_core.event_reactor:joining thread
[5.237s] DEBUG:colcon.colcon_core.event_reactor:joined thread
[5.238s] INFO:colcon.colcon_core.shell:Creating prefix script '/home/ark-jetson-orin-2/offboard_imav26_test/install/local_setup.ps1'
[5.240s] INFO:colcon.colcon_core.shell:Creating prefix util module '/home/ark-jetson-orin-2/offboard_imav26_test/install/_local_setup_util_ps1.py'
[5.244s] INFO:colcon.colcon_core.shell:Creating prefix chain script '/home/ark-jetson-orin-2/offboard_imav26_test/install/setup.ps1'
[5.248s] INFO:colcon.colcon_core.shell:Creating prefix script '/home/ark-jetson-orin-2/offboard_imav26_test/install/local_setup.sh'
[5.251s] INFO:colcon.colcon_core.shell:Creating prefix util module '/home/ark-jetson-orin-2/offboard_imav26_test/install/_local_setup_util_sh.py'
[5.252s] INFO:colcon.colcon_core.shell:Creating prefix chain script '/home/ark-jetson-orin-2/offboard_imav26_test/install/setup.sh'
[5.256s] INFO:colcon.colcon_core.shell:Creating prefix script '/home/ark-jetson-orin-2/offboard_imav26_test/install/local_setup.bash'
[5.258s] INFO:colcon.colcon_core.shell:Creating prefix chain script '/home/ark-jetson-orin-2/offboard_imav26_test/install/setup.bash'
[5.262s] INFO:colcon.colcon_core.shell:Creating prefix script '/home/ark-jetson-orin-2/offboard_imav26_test/install/local_setup.zsh'
[5.264s] INFO:colcon.colcon_core.shell:Creating prefix chain script '/home/ark-jetson-orin-2/offboard_imav26_test/install/setup.zsh'
