[0.287s] DEBUG:colcon:Command line arguments: ['/usr/bin/colcon', 'build', '--packages-select', 'drone_testing']
[0.287s] DEBUG:colcon:Parsed command line arguments: Namespace(log_base=None, log_level=None, verb_name='build', build_base='build', install_base='install', merge_install=False, symlink_install=False, test_result_base=None, continue_on_error=False, executor='parallel', parallel_workers=6, event_handlers=None, ignore_user_meta=False, metas=['./colcon.meta'], base_paths=['.'], packages_ignore=None, packages_ignore_regex=None, paths=None, packages_up_to=None, packages_up_to_regex=None, packages_above=None, packages_above_and_dependencies=None, packages_above_depth=None, packages_select_by_dep=None, packages_skip_by_dep=None, packages_skip_up_to=None, packages_select_build_failed=False, packages_skip_build_finished=False, packages_select_test_failures=False, packages_skip_test_passed=False, packages_select=['drone_testing'], packages_skip=None, packages_select_regex=None, packages_skip_regex=None, packages_start=None, packages_end=None, allow_overriding=[], cmake_args=None, cmake_target=None, cmake_target_skip_unavailable=False, cmake_clean_cache=False, cmake_clean_first=False, cmake_force_configure=False, ament_cmake_args=None, catkin_cmake_args=None, catkin_skip_building_tests=False, mixin_files=None, mixin=None, verb_parser=<colcon_mixin.mixin.mixin_argument.MixinArgumentDecorator object at 0xffff992236b0>, verb_extension=<colcon_core.verb.build.BuildVerb object at 0xffff99223470>, main=<bound method BuildVerb.main of <colcon_core.verb.build.BuildVerb object at 0xffff99223470>>, mixin_verb=('build',))
[0.405s] Level 1:colcon.colcon_core.package_discovery:discover_packages(colcon_meta) check parameters
[0.405s] Level 1:colcon.colcon_core.package_discovery:discover_packages(recursive) check parameters
[0.405s] Level 1:colcon.colcon_core.package_discovery:discover_packages(ignore) check parameters
[0.405s] Level 1:colcon.colcon_core.package_discovery:discover_packages(path) check parameters
[0.405s] Level 1:colcon.colcon_core.package_discovery:discover_packages(colcon_meta) discover
[0.405s] Level 1:colcon.colcon_core.package_discovery:discover_packages(recursive) discover
[0.405s] INFO:colcon.colcon_core.package_discovery:Crawling recursively for packages in '/home/ark-jetson-orin-2/offboard_imav26_test'
[0.406s] Level 1:colcon.colcon_core.package_identification:_identify(.) by extensions ['ignore', 'ignore_ament_install']
[0.406s] Level 1:colcon.colcon_core.package_identification:_identify(.) by extension 'ignore'
[0.406s] Level 1:colcon.colcon_core.package_identification:_identify(.) by extension 'ignore_ament_install'
[0.406s] Level 1:colcon.colcon_core.package_identification:_identify(.) by extensions ['colcon_pkg']
[0.406s] Level 1:colcon.colcon_core.package_identification:_identify(.) by extension 'colcon_pkg'
[0.406s] Level 1:colcon.colcon_core.package_identification:_identify(.) by extensions ['colcon_meta']
[0.406s] Level 1:colcon.colcon_core.package_identification:_identify(.) by extension 'colcon_meta'
[0.406s] Level 1:colcon.colcon_core.package_identification:_identify(.) by extensions ['ros']
[0.407s] Level 1:colcon.colcon_core.package_identification:_identify(.) by extension 'ros'
[0.469s] DEBUG:colcon.colcon_core.package_identification:Package '.' with type 'ros.ament_python' and name 'drone_testing'
[0.469s] Level 1:colcon.colcon_core.package_discovery:discover_packages(recursive) using defaults
[0.469s] Level 1:colcon.colcon_core.package_discovery:discover_packages(ignore) discover
[0.469s] Level 1:colcon.colcon_core.package_discovery:discover_packages(ignore) using defaults
[0.469s] Level 1:colcon.colcon_core.package_discovery:discover_packages(path) discover
[0.469s] Level 1:colcon.colcon_core.package_discovery:discover_packages(path) using defaults
[0.510s] Level 1:colcon.colcon_core.package_discovery:discover_packages(prefix_path) check parameters
[0.510s] Level 1:colcon.colcon_core.package_discovery:discover_packages(prefix_path) discover
[0.518s] DEBUG:colcon.colcon_installed_package_information.package_discovery:Found 18 installed packages in /home/ark-jetson-orin-2/imav26-ws-2/ws_ros2/install
[0.521s] DEBUG:colcon.colcon_installed_package_information.package_discovery:Found 347 installed packages in /opt/ros/jazzy
[0.524s] Level 1:colcon.colcon_core.package_discovery:discover_packages(prefix_path) using defaults
[0.623s] Level 5:colcon.colcon_core.verb:set package 'drone_testing' build argument 'cmake_args' from command line to 'None'
[0.623s] Level 5:colcon.colcon_core.verb:set package 'drone_testing' build argument 'cmake_target' from command line to 'None'
[0.623s] Level 5:colcon.colcon_core.verb:set package 'drone_testing' build argument 'cmake_target_skip_unavailable' from command line to 'False'
[0.623s] Level 5:colcon.colcon_core.verb:set package 'drone_testing' build argument 'cmake_clean_cache' from command line to 'False'
[0.623s] Level 5:colcon.colcon_core.verb:set package 'drone_testing' build argument 'cmake_clean_first' from command line to 'False'
[0.623s] Level 5:colcon.colcon_core.verb:set package 'drone_testing' build argument 'cmake_force_configure' from command line to 'False'
[0.623s] Level 5:colcon.colcon_core.verb:set package 'drone_testing' build argument 'ament_cmake_args' from command line to 'None'
[0.623s] Level 5:colcon.colcon_core.verb:set package 'drone_testing' build argument 'catkin_cmake_args' from command line to 'None'
[0.623s] Level 5:colcon.colcon_core.verb:set package 'drone_testing' build argument 'catkin_skip_building_tests' from command line to 'False'
[0.623s] DEBUG:colcon.colcon_core.verb:Building package 'drone_testing' with the following arguments: {'ament_cmake_args': None, 'build_base': '/home/ark-jetson-orin-2/offboard_imav26_test/build/drone_testing', 'catkin_cmake_args': None, 'catkin_skip_building_tests': False, 'cmake_args': None, 'cmake_clean_cache': False, 'cmake_clean_first': False, 'cmake_force_configure': False, 'cmake_target': None, 'cmake_target_skip_unavailable': False, 'install_base': '/home/ark-jetson-orin-2/offboard_imav26_test/install/drone_testing', 'merge_install': False, 'path': '/home/ark-jetson-orin-2/offboard_imav26_test', 'symlink_install': False, 'test_result_base': None}
[0.624s] INFO:colcon.colcon_core.executor:Executing jobs using 'parallel' executor
[0.625s] DEBUG:colcon.colcon_parallel_executor.executor.parallel:run_until_complete
[0.626s] INFO:colcon.colcon_ros.task.ament_python.build:Building ROS package in '/home/ark-jetson-orin-2/offboard_imav26_test' with build type 'ament_python'
[0.626s] Level 1:colcon.colcon_core.shell:create_environment_hook('drone_testing', 'ament_prefix_path')
[0.634s] INFO:colcon.colcon_core.plugin_system:Skipping extension 'colcon_core.shell.bat': Not used on non-Windows systems
[0.634s] INFO:colcon.colcon_core.shell:Creating environment hook '/home/ark-jetson-orin-2/offboard_imav26_test/install/drone_testing/share/drone_testing/hook/ament_prefix_path.ps1'
[0.636s] INFO:colcon.colcon_core.shell:Creating environment descriptor '/home/ark-jetson-orin-2/offboard_imav26_test/install/drone_testing/share/drone_testing/hook/ament_prefix_path.dsv'
[0.637s] INFO:colcon.colcon_core.shell:Creating environment hook '/home/ark-jetson-orin-2/offboard_imav26_test/install/drone_testing/share/drone_testing/hook/ament_prefix_path.sh'
[0.639s] INFO:colcon.colcon_core.shell:Skip shell extension 'powershell' for command environment: Not usable outside of PowerShell
[0.639s] DEBUG:colcon.colcon_core.shell:Skip shell extension 'dsv' for command environment
[1.138s] INFO:colcon.colcon_core.task.python.build:Building Python package in '/home/ark-jetson-orin-2/offboard_imav26_test'
[1.139s] INFO:colcon.colcon_core.shell:Skip shell extension 'powershell' for command environment: Not usable outside of PowerShell
[1.139s] DEBUG:colcon.colcon_core.shell:Skip shell extension 'dsv' for command environment
[2.448s] DEBUG:colcon.colcon_core.task.python.build:Available setuptools commands: build, develop, bdist_rpm, bdist_egg, install_egg_info, dist_info, install, easy_install, build_clib, sdist, build_py, install_data, bdist_dumb, check, install_lib, bdist_wheel, rotate, build_ext, init_catalog, update_catalog, bdist, egg_info, alias, setopt, editable_wheel, compile_catalog, install_scripts, build_scripts, saveopts, install_headers, clean, extract_messages, symlink_data
[2.454s] DEBUG:colcon.colcon_core.event_handler.log_command:Invoking command in '/home/ark-jetson-orin-2/offboard_imav26_test': DEBUGINFOD_URLS=https://debuginfod.ubuntu.com PYTHONPATH=/home/ark-jetson-orin-2/offboard_imav26_test/build/drone_testing/prefix_override:/usr/lib/python3/dist-packages/colcon_core/task/python/colcon_distutils_commands:/home/ark-jetson-orin-2/offboard_imav26_test/install/drone_testing/lib/python3.12/site-packages:${PYTHONPATH} /usr/bin/python3 -W ignore:setup.py install is deprecated -W ignore:easy_install command is deprecated setup.py egg_info --egg-base build/drone_testing build --build-base /home/ark-jetson-orin-2/offboard_imav26_test/build/drone_testing/build install --record /home/ark-jetson-orin-2/offboard_imav26_test/build/drone_testing/install.log --install-scripts $base/lib/drone_testing --single-version-externally-managed install_data
[3.839s] DEBUG:colcon.colcon_core.event_handler.log_command:Invoked command in '/home/ark-jetson-orin-2/offboard_imav26_test' returned '0': DEBUGINFOD_URLS=https://debuginfod.ubuntu.com PYTHONPATH=/home/ark-jetson-orin-2/offboard_imav26_test/build/drone_testing/prefix_override:/usr/lib/python3/dist-packages/colcon_core/task/python/colcon_distutils_commands:/home/ark-jetson-orin-2/offboard_imav26_test/install/drone_testing/lib/python3.12/site-packages:${PYTHONPATH} /usr/bin/python3 -W ignore:setup.py install is deprecated -W ignore:easy_install command is deprecated setup.py egg_info --egg-base build/drone_testing build --build-base /home/ark-jetson-orin-2/offboard_imav26_test/build/drone_testing/build install --record /home/ark-jetson-orin-2/offboard_imav26_test/build/drone_testing/install.log --install-scripts $base/lib/drone_testing --single-version-externally-managed install_data
[3.854s] Level 1:colcon.colcon_core.environment:checking '/home/ark-jetson-orin-2/offboard_imav26_test/install/drone_testing' for CMake module files
[3.856s] Level 1:colcon.colcon_core.environment:checking '/home/ark-jetson-orin-2/offboard_imav26_test/install/drone_testing' for CMake config files
[3.859s] Level 1:colcon.colcon_core.environment:checking '/home/ark-jetson-orin-2/offboard_imav26_test/install/drone_testing/lib'
[3.860s] Level 1:colcon.colcon_core.environment:checking '/home/ark-jetson-orin-2/offboard_imav26_test/install/drone_testing/bin'
[3.860s] Level 1:colcon.colcon_core.environment:checking '/home/ark-jetson-orin-2/offboard_imav26_test/install/drone_testing/lib/pkgconfig/drone_testing.pc'
[3.861s] Level 1:colcon.colcon_core.environment:checking '/home/ark-jetson-orin-2/offboard_imav26_test/install/drone_testing/lib/python3.12/site-packages'
[3.861s] Level 1:colcon.colcon_core.shell:create_environment_hook('drone_testing', 'pythonpath')
[3.862s] INFO:colcon.colcon_core.shell:Creating environment hook '/home/ark-jetson-orin-2/offboard_imav26_test/install/drone_testing/share/drone_testing/hook/pythonpath.ps1'
[3.864s] INFO:colcon.colcon_core.shell:Creating environment descriptor '/home/ark-jetson-orin-2/offboard_imav26_test/install/drone_testing/share/drone_testing/hook/pythonpath.dsv'
[3.865s] INFO:colcon.colcon_core.shell:Creating environment hook '/home/ark-jetson-orin-2/offboard_imav26_test/install/drone_testing/share/drone_testing/hook/pythonpath.sh'
[3.868s] Level 1:colcon.colcon_core.environment:checking '/home/ark-jetson-orin-2/offboard_imav26_test/install/drone_testing/bin'
[3.868s] Level 1:colcon.colcon_core.environment:create_environment_scripts_only(drone_testing)
[3.869s] INFO:colcon.colcon_core.shell:Creating package script '/home/ark-jetson-orin-2/offboard_imav26_test/install/drone_testing/share/drone_testing/package.ps1'
[3.873s] INFO:colcon.colcon_core.shell:Creating package descriptor '/home/ark-jetson-orin-2/offboard_imav26_test/install/drone_testing/share/drone_testing/package.dsv'
[3.875s] INFO:colcon.colcon_core.shell:Creating package script '/home/ark-jetson-orin-2/offboard_imav26_test/install/drone_testing/share/drone_testing/package.sh'
[3.878s] INFO:colcon.colcon_core.shell:Creating package script '/home/ark-jetson-orin-2/offboard_imav26_test/install/drone_testing/share/drone_testing/package.bash'
[3.881s] INFO:colcon.colcon_core.shell:Creating package script '/home/ark-jetson-orin-2/offboard_imav26_test/install/drone_testing/share/drone_testing/package.zsh'
[3.883s] Level 1:colcon.colcon_core.environment:create_file_with_runtime_dependencies(/home/ark-jetson-orin-2/offboard_imav26_test/install/drone_testing/share/colcon-core/packages/drone_testing)
[3.884s] DEBUG:colcon.colcon_parallel_executor.executor.parallel:closing loop
[3.885s] DEBUG:colcon.colcon_parallel_executor.executor.parallel:loop closed
[3.885s] DEBUG:colcon.colcon_parallel_executor.executor.parallel:run_until_complete finished with '0'
[3.886s] DEBUG:colcon.colcon_core.event_reactor:joining thread
[3.887s] DEBUG:colcon.colcon_core.event_reactor:joined thread
[3.887s] INFO:colcon.colcon_core.shell:Creating prefix script '/home/ark-jetson-orin-2/offboard_imav26_test/install/local_setup.ps1'
[3.889s] INFO:colcon.colcon_core.shell:Creating prefix util module '/home/ark-jetson-orin-2/offboard_imav26_test/install/_local_setup_util_ps1.py'
[3.894s] INFO:colcon.colcon_core.shell:Creating prefix chain script '/home/ark-jetson-orin-2/offboard_imav26_test/install/setup.ps1'
[3.901s] INFO:colcon.colcon_core.shell:Creating prefix script '/home/ark-jetson-orin-2/offboard_imav26_test/install/local_setup.sh'
[3.903s] INFO:colcon.colcon_core.shell:Creating prefix util module '/home/ark-jetson-orin-2/offboard_imav26_test/install/_local_setup_util_sh.py'
[3.906s] INFO:colcon.colcon_core.shell:Creating prefix chain script '/home/ark-jetson-orin-2/offboard_imav26_test/install/setup.sh'
[3.912s] INFO:colcon.colcon_core.shell:Creating prefix script '/home/ark-jetson-orin-2/offboard_imav26_test/install/local_setup.bash'
[3.914s] INFO:colcon.colcon_core.shell:Creating prefix chain script '/home/ark-jetson-orin-2/offboard_imav26_test/install/setup.bash'
[3.920s] INFO:colcon.colcon_core.shell:Creating prefix script '/home/ark-jetson-orin-2/offboard_imav26_test/install/local_setup.zsh'
[3.922s] INFO:colcon.colcon_core.shell:Creating prefix chain script '/home/ark-jetson-orin-2/offboard_imav26_test/install/setup.zsh'
